// Jest Snapshot v1, https://goo.gl/fbAQLP

exports[`keyring should assert against previous snapshot outputs from alice keyring: accountIdentityKey 1`] = `
{
  "curve": "ed25519",
  "publicKey": ED25519PublicKey {
    "bytes": Uint8Array [
      55,
      165,
      208,
      63,
      15,
      176,
      134,
      129,
      169,
      191,
      181,
      227,
      13,
      206,
      231,
      167,
      68,
      229,
      165,
      122,
      204,
      67,
      215,
      190,
      151,
      155,
      0,
      166,
      198,
      178,
      77,
      27,
    ],
    "curve": "ed25519",
  },
  "sign": [Function],
}
`;

exports[`keyring should assert against previous snapshot outputs from alice keyring: accountIdentityKey 2`] = `
Uint8Array [
  10,
  21,
  96,
  217,
  214,
  156,
  0,
  226,
  103,
  31,
  188,
  248,
  55,
  167,
  117,
  18,
  118,
  159,
  242,
  82,
  5,
  119,
  46,
  5,
  200,
  163,
  71,
  206,
  46,
  177,
  101,
  132,
  5,
  94,
  145,
  205,
  248,
  202,
  67,
  38,
  207,
  224,
  116,
  79,
  254,
  12,
  226,
  26,
  138,
  59,
  248,
  145,
  40,
  17,
  210,
  67,
  235,
  85,
  46,
  58,
  168,
  225,
  137,
  0,
]
`;

exports[`keyring should assert against previous snapshot outputs from alice keyring: accountMessagingKey 1`] = `
{
  "curve": "ed25519",
  "ecdhDecrypt": [Function],
  "publicKey": ED25519PublicKey {
    "bytes": Uint8Array [
      215,
      190,
      70,
      167,
      83,
      44,
      32,
      26,
      113,
      228,
      19,
      133,
      8,
      32,
      97,
      216,
      16,
      67,
      139,
      65,
      185,
      41,
      147,
      108,
      27,
      108,
      75,
      48,
      31,
      33,
      50,
      155,
    ],
    "curve": "ed25519",
  },
  "sign": [Function],
}
`;

exports[`keyring should assert against previous snapshot outputs from alice keyring: accountMessagingKey 2`] = `Promise {}`;

exports[`keyring should assert against previous snapshot outputs from alice keyring: addressMessagingKey 1`] = `
{
  "curve": "ed25519",
  "ecdhDecrypt": [Function],
  "publicKey": ED25519PublicKey {
    "bytes": Uint8Array [
      131,
      118,
      45,
      21,
      69,
      60,
      83,
      173,
      4,
      85,
      118,
      136,
      252,
      15,
      202,
      85,
      61,
      79,
      212,
      1,
      42,
      89,
      63,
      240,
      20,
      156,
      229,
      94,
      236,
      12,
      197,
      113,
    ],
    "curve": "ed25519",
  },
  "sign": [Function],
}
`;

exports[`keyring should assert against previous snapshot outputs from alice keyring: rootEncryptionPublicKey 1`] = `
ED25519PublicKey {
  "bytes": Uint8Array [
    48,
    168,
    244,
    4,
    144,
    63,
    142,
    209,
    232,
    152,
    138,
    210,
    72,
    103,
    10,
    204,
    114,
    198,
    47,
    215,
    182,
    116,
    15,
    128,
    200,
    231,
    59,
    252,
    235,
    39,
    192,
    155,
  ],
  "curve": "ed25519",
}
`;

exports[`keyring should assert against previous snapshot outputs from alice keyring: rootInboxKey 1`] = `
ED25519PrivateKey {
  "bytes": Uint8Array [
    184,
    127,
    193,
    149,
    37,
    141,
    126,
    8,
    59,
    5,
    101,
    224,
    182,
    76,
    54,
    71,
    152,
    39,
    21,
    20,
    115,
    165,
    38,
    173,
    1,
    31,
    145,
    226,
    82,
    181,
    113,
    65,
    94,
    48,
    204,
    14,
    58,
    227,
    14,
    149,
    197,
    118,
    96,
    33,
    54,
    70,
    2,
    221,
    74,
    191,
    71,
    233,
    15,
    105,
    24,
    252,
    126,
    55,
    172,
    161,
    100,
    68,
    40,
    14,
  ],
  "curve": "ed25519",
  "keyPair": {
    "publicKey": Uint8Array [
      94,
      48,
      204,
      14,
      58,
      227,
      14,
      149,
      197,
      118,
      96,
      33,
      54,
      70,
      2,
      221,
      74,
      191,
      71,
      233,
      15,
      105,
      24,
      252,
      126,
      55,
      172,
      161,
      100,
      68,
      40,
      14,
    ],
    "secretKey": Uint8Array [
      184,
      127,
      193,
      149,
      37,
      141,
      126,
      8,
      59,
      5,
      101,
      224,
      182,
      76,
      54,
      71,
      152,
      39,
      21,
      20,
      115,
      165,
      38,
      173,
      1,
      31,
      145,
      226,
      82,
      181,
      113,
      65,
      94,
      48,
      204,
      14,
      58,
      227,
      14,
      149,
      197,
      118,
      96,
      33,
      54,
      70,
      2,
      221,
      74,
      191,
      71,
      233,
      15,
      105,
      24,
      252,
      126,
      55,
      172,
      161,
      100,
      68,
      40,
      14,
    ],
  },
  "publicKey": ED25519PublicKey {
    "bytes": Uint8Array [
      94,
      48,
      204,
      14,
      58,
      227,
      14,
      149,
      197,
      118,
      96,
      33,
      54,
      70,
      2,
      221,
      74,
      191,
      71,
      233,
      15,
      105,
      24,
      252,
      126,
      55,
      172,
      161,
      100,
      68,
      40,
      14,
    ],
    "curve": "ed25519",
  },
}
`;

exports[`keyring should assert against previous snapshot outputs from bob keyring: accountIdentityKey 1`] = `
{
  "curve": "ed25519",
  "publicKey": ED25519PublicKey {
    "bytes": Uint8Array [
      188,
      65,
      178,
      86,
      70,
      133,
      12,
      49,
      224,
      200,
      126,
      190,
      235,
      200,
      89,
      224,
      35,
      135,
      20,
      155,
      81,
      14,
      59,
      96,
      135,
      162,
      233,
      135,
      55,
      208,
      112,
      63,
    ],
    "curve": "ed25519",
  },
  "sign": [Function],
}
`;

exports[`keyring should assert against previous snapshot outputs from bob keyring: accountIdentityKey 2`] = `
Uint8Array [
  66,
  100,
  69,
  26,
  234,
  136,
  32,
  39,
  40,
  243,
  219,
  40,
  72,
  125,
  122,
  185,
  209,
  204,
  14,
  1,
  119,
  33,
  244,
  151,
  16,
  191,
  194,
  244,
  248,
  142,
  243,
  180,
  151,
  74,
  131,
  32,
  232,
  123,
  208,
  248,
  15,
  84,
  15,
  227,
  100,
  221,
  32,
  212,
  103,
  213,
  102,
  57,
  223,
  72,
  129,
  77,
  58,
  26,
  244,
  246,
  225,
  190,
  5,
  9,
]
`;

exports[`keyring should assert against previous snapshot outputs from bob keyring: accountMessagingKey 1`] = `
{
  "curve": "ed25519",
  "ecdhDecrypt": [Function],
  "publicKey": ED25519PublicKey {
    "bytes": Uint8Array [
      94,
      99,
      255,
      67,
      91,
      61,
      9,
      82,
      41,
      16,
      34,
      234,
      189,
      191,
      48,
      17,
      9,
      246,
      14,
      69,
      100,
      212,
      77,
      7,
      5,
      193,
      106,
      214,
      104,
      222,
      240,
      35,
    ],
    "curve": "ed25519",
  },
  "sign": [Function],
}
`;

exports[`keyring should assert against previous snapshot outputs from bob keyring: accountMessagingKey 2`] = `Promise {}`;

exports[`keyring should assert against previous snapshot outputs from bob keyring: addressMessagingKey 1`] = `
{
  "curve": "ed25519",
  "ecdhDecrypt": [Function],
  "publicKey": ED25519PublicKey {
    "bytes": Uint8Array [
      86,
      185,
      203,
      20,
      37,
      22,
      51,
      26,
      239,
      16,
      25,
      2,
      132,
      7,
      174,
      0,
      234,
      89,
      225,
      165,
      254,
      250,
      111,
      46,
      16,
      233,
      196,
      207,
      92,
      12,
      161,
      239,
    ],
    "curve": "ed25519",
  },
  "sign": [Function],
}
`;

exports[`keyring should assert against previous snapshot outputs from bob keyring: rootEncryptionPublicKey 1`] = `
ED25519PublicKey {
  "bytes": Uint8Array [
    117,
    63,
    208,
    95,
    159,
    228,
    209,
    97,
    121,
    225,
    117,
    51,
    188,
    188,
    67,
    130,
    159,
    154,
    36,
    6,
    253,
    11,
    86,
    232,
    158,
    7,
    136,
    222,
    99,
    244,
    203,
    42,
  ],
  "curve": "ed25519",
}
`;

exports[`keyring should assert against previous snapshot outputs from bob keyring: rootInboxKey 1`] = `
ED25519PrivateKey {
  "bytes": Uint8Array [
    99,
    197,
    118,
    214,
    152,
    75,
    92,
    34,
    32,
    85,
    105,
    72,
    14,
    225,
    152,
    84,
    58,
    77,
    203,
    154,
    205,
    168,
    241,
    14,
    241,
    27,
    106,
    158,
    248,
    193,
    249,
    46,
    248,
    58,
    166,
    64,
    184,
    65,
    136,
    15,
    177,
    212,
    175,
    192,
    19,
    204,
    160,
    201,
    226,
    49,
    207,
    14,
    76,
    74,
    15,
    121,
    25,
    162,
    86,
    226,
    60,
    49,
    178,
    198,
  ],
  "curve": "ed25519",
  "keyPair": {
    "publicKey": Uint8Array [
      248,
      58,
      166,
      64,
      184,
      65,
      136,
      15,
      177,
      212,
      175,
      192,
      19,
      204,
      160,
      201,
      226,
      49,
      207,
      14,
      76,
      74,
      15,
      121,
      25,
      162,
      86,
      226,
      60,
      49,
      178,
      198,
    ],
    "secretKey": Uint8Array [
      99,
      197,
      118,
      214,
      152,
      75,
      92,
      34,
      32,
      85,
      105,
      72,
      14,
      225,
      152,
      84,
      58,
      77,
      203,
      154,
      205,
      168,
      241,
      14,
      241,
      27,
      106,
      158,
      248,
      193,
      249,
      46,
      248,
      58,
      166,
      64,
      184,
      65,
      136,
      15,
      177,
      212,
      175,
      192,
      19,
      204,
      160,
      201,
      226,
      49,
      207,
      14,
      76,
      74,
      15,
      121,
      25,
      162,
      86,
      226,
      60,
      49,
      178,
      198,
    ],
  },
  "publicKey": ED25519PublicKey {
    "bytes": Uint8Array [
      248,
      58,
      166,
      64,
      184,
      65,
      136,
      15,
      177,
      212,
      175,
      192,
      19,
      204,
      160,
      201,
      226,
      49,
      207,
      14,
      76,
      74,
      15,
      121,
      25,
      162,
      86,
      226,
      60,
      49,
      178,
      198,
    ],
    "curve": "ed25519",
  },
}
`;
