// Jest Snapshot v1, https://goo.gl/fbAQLP

exports[`check imports snapshot compare imports: imports 1`] = `
[
  "@mailchain/internal/configuration",
  "@mailchain/internal/formatters/consts",
  "@mailchain/internal/formatters/parse",
  "@mailchain/internal/formatters/simpleMimeHeaderParser",
  "@mailchain/internal/identityKeys",
  "@mailchain/internal/index",
  "@mailchain/internal/mailbox",
  "@mailchain/internal/mailbox/addressHasher",
  "@mailchain/internal/mailbox/addressIdentityKeyResolver",
  "@mailchain/internal/mailbox/messageCrypto",
  "@mailchain/internal/mailbox/messageId",
  "@mailchain/internal/mailbox/messageMailboxOwnerMatcher",
  "@mailchain/internal/mailbox/migrations",
  "@mailchain/internal/mailbox/payload/headers",
  "@mailchain/internal/mailbox/payload/payload",
  "@mailchain/internal/mailbox/receiving/mail",
  "@mailchain/internal/mailbox/transport",
  "@mailchain/internal/mailbox/types",
  "@mailchain/internal/mailbox/userMailboxHasher",
  "@mailchain/internal/mailchainResult",
  "@mailchain/internal/messageSync/messageSync",
  "@mailchain/internal/messagingKeys",
  "@mailchain/internal/messagingKeys/addressNonce",
  "@mailchain/internal/messagingKeys/configuration",
  "@mailchain/internal/messagingKeys/contractResolvers/errors",
  "@mailchain/internal/messagingKeys/contractResolvers/mailchain",
  "@mailchain/internal/messagingKeys/contractResolvers/near",
  "@mailchain/internal/messagingKeys/contractResolvers/resolver",
  "@mailchain/internal/messagingKeys/errors",
  "@mailchain/internal/messagingKeys/index",
  "@mailchain/internal/messagingKeys/messagingKeyContract",
  "@mailchain/internal/messagingKeys/messagingKeys",
  "@mailchain/internal/messagingKeys/proof",
  "@mailchain/internal/messagingKeys/verify",
  "@mailchain/internal/migration",
  "@mailchain/internal/nameservices",
  "@mailchain/internal/protobuf/inbox/inbox",
  "@mailchain/internal/protobuf/user/user",
  "@mailchain/internal/receiving/configuration",
  "@mailchain/internal/receiving/deliveryRequests",
  "@mailchain/internal/receiving/formatters/generate",
  "@mailchain/internal/receiving/formatters/parse",
  "@mailchain/internal/receiving/mail",
  "@mailchain/internal/receiving/mailer",
  "@mailchain/internal/receiving/mailer/author",
  "@mailchain/internal/receiving/payload",
  "@mailchain/internal/receiving/protobuf/protocol/protocol",
  "@mailchain/internal/receiving/transport",
  "@mailchain/internal/receiving/transport/mailer/payload",
  "@mailchain/internal/receiving/transport/payload/headers",
  "@mailchain/internal/receiving/transport/payload/verifier",
  "@mailchain/internal/receiving/transport/serialization",
  "@mailchain/internal/sending/configuration",
  "@mailchain/internal/sending/errors",
  "@mailchain/internal/sending/formatters/generate",
  "@mailchain/internal/sending/index",
  "@mailchain/internal/sending/mail/convertSendMailParams",
  "@mailchain/internal/sending/mail/deliveryRequests",
  "@mailchain/internal/sending/mail/distributor",
  "@mailchain/internal/sending/mail/payloadSender",
  "@mailchain/internal/sending/mail/payloads",
  "@mailchain/internal/sending/mail/prepare",
  "@mailchain/internal/sending/mail/sendMailParams",
  "@mailchain/internal/sending/messagingKeys",
  "@mailchain/internal/sending/messagingKeys/errors",
  "@mailchain/internal/sending/payload/send",
  "@mailchain/internal/sending/protobuf/protocol/protocol",
  "@mailchain/internal/sending/transport",
  "@mailchain/internal/sending/transport/mail/distribution",
  "@mailchain/internal/transport",
  "@mailchain/internal/transport/configuration",
  "@mailchain/internal/transport/deliveryRequests/envelope",
  "@mailchain/internal/transport/deliveryRequests/keybundle",
  "@mailchain/internal/transport/mail",
  "@mailchain/internal/transport/mail/types",
  "@mailchain/internal/transport/mailer/content",
  "@mailchain/internal/transport/messagingKeys",
  "@mailchain/internal/transport/payload",
  "@mailchain/internal/transport/payload/headers",
  "@mailchain/internal/transport/payload/payload",
  "@mailchain/internal/transport/protobuf/protocol/protocol",
  "@mailchain/internal/transport/serialization",
  "@mailchain/internal/transport/serialization/chunk",
  "@mailchain/internal/transport/serialization/payload",
  "@mailchain/internal/user/consolidateMailbox",
  "@mailchain/internal/user/createAlias",
  "@mailchain/internal/user/types",
  "@mailchain/internal/user/userProfile",
]
`;
