// Jest Snapshot v1, https://goo.gl/fbAQLP

exports[`check imports snapshot compare imports: imports 1`] = `
[
  "@mailchain/crypto/cipher/cipher",
  "@mailchain/crypto/cipher/ecdh/ecdh",
  "@mailchain/crypto/cipher/ecdh/ed25519",
  "@mailchain/crypto/cipher/ecdh/secp256k1",
  "@mailchain/crypto/cipher/ecdh/sr25519",
  "@mailchain/crypto/cipher/ed25519/private",
  "@mailchain/crypto/cipher/ed25519/public",
  "@mailchain/crypto/cipher/index",
  "@mailchain/crypto/cipher/keyExchange",
  "@mailchain/crypto/cipher/keys",
  "@mailchain/crypto/cipher/multikey/ids",
  "@mailchain/crypto/cipher/nacl/secretbox",
  "@mailchain/crypto/cipher/nacl/serialization",
  "@mailchain/crypto/cipher/private",
  "@mailchain/crypto/cipher/public",
  "@mailchain/crypto/cipher/rand",
  "@mailchain/crypto/cipher/secp256k1/private",
  "@mailchain/crypto/cipher/secp256k1/public",
  "@mailchain/crypto/cipher/sr25519/private",
  "@mailchain/crypto/cipher/sr25519/public",
  "@mailchain/crypto/ed25519/hd",
  "@mailchain/crypto/ed25519/private",
  "@mailchain/crypto/ed25519/public",
  "@mailchain/crypto/hd",
  "@mailchain/crypto/index",
  "@mailchain/crypto/keys",
  "@mailchain/crypto/mnemonic/mnemonic",
  "@mailchain/crypto/multikey/ids",
  "@mailchain/crypto/private",
  "@mailchain/crypto/public",
  "@mailchain/crypto/rand",
  "@mailchain/crypto/rand.test.const",
  "@mailchain/crypto/secp256k1/private",
  "@mailchain/crypto/secp256k1/public",
  "@mailchain/crypto/secp256r1",
  "@mailchain/crypto/secp256r1/private",
  "@mailchain/crypto/secp256r1/public",
  "@mailchain/crypto/sr25519/hd",
  "@mailchain/crypto/sr25519/index",
  "@mailchain/crypto/sr25519/private",
  "@mailchain/crypto/sr25519/public",
  "@mailchain/crypto/testing/public",
]
`;
