// Jest Snapshot v1, https://goo.gl/fbAQLP

exports[`check imports snapshot compare imports: imports 1`] = `
[
  "@mailchain/message-composer/consts",
  "@mailchain/message-composer/contentHandler",
  "@mailchain/message-composer/fallback",
  "@mailchain/message-composer/folding",
  "@mailchain/message-composer/hasOnlyAscii",
  "@mailchain/message-composer/headerFactories",
  "@mailchain/message-composer/headerHandler",
  "@mailchain/message-composer/headerOrder",
  "@mailchain/message-composer/messageComposerContext",
  "@mailchain/message-composer/types",
]
`;
