// Jest Snapshot v1, https://goo.gl/fbAQLP

exports[`check imports snapshot compare imports: imports 1`] = `
[
  "@mailchain/encoding/base32",
  "@mailchain/encoding/base58",
  "@mailchain/encoding/base64",
  "@mailchain/encoding/consts",
  "@mailchain/encoding/encoding",
  "@mailchain/encoding/hex",
  "@mailchain/encoding/utf8",
]
`;
