// Jest Snapshot v1, https://goo.gl/fbAQLP

exports[`createVerifiableCredential create - ownerOf 1`] = `
{
  "@context": [
    "https://www.w3.org/2018/credentials/v1",
  ],
  "credentialSubject": [
    {
      "ownerOf": {
        "address": "address",
        "type": "MailchainMessagingKey",
      },
    },
  ],
  "issuanceDate": "2000-02-01T00:00:00.000Z",
  "issuer": {
    "id": "did:mailchain:issuer",
  },
  "proof": {
    "type": "proof-type",
  },
  "termsOfUse": [
    {
      "actions": [
        "action",
      ],
      "assignee": "did:mailchain:assignee",
      "assigner": "did:mailchain:assigner",
      "effect": "Allow",
      "id": "terms-1",
      "resources": [
        "*",
      ],
      "type": "HolderPolicy",
    },
  ],
  "type": [
    "VerifiableCredential",
    "MailchainMessagingKeyCredential",
  ],
}
`;
