// Jest Snapshot v1, https://goo.gl/fbAQLP

exports[`createPresentationPayload create 1`] = `
{
  "@context": [
    "https://www.w3.org/2018/credentials/v1",
  ],
  "expirationDate": undefined,
  "holder": "did:mailchain:holder",
  "issuanceDate": "Sat, 01 Feb 2020 00:00:00 GMT",
  "requestId": "request-id",
  "type": [
    "VerifiablePresentation",
  ],
  "verifiableCredential": [
    {
      "@context": [
        "https://www.w3.org/2018/credentials/v1",
      ],
      "credentialSubject": {
        "id": "credentialSubjectId",
      },
      "issuanceDate": "2000-02-01T00:00:00.000Z",
      "issuer": {
        "id": "did:mailchain:issuer",
      },
      "proof": {
        "id": "proof",
      },
      "type": [
        "type",
      ],
    },
  ],
  "verifier": "did:mailchain:verifier",
}
`;
